
=== BOOKING POST DEBUG 2026-02-06 14:57:54 ===
POST Data: Array
(
    [selectedPaymentMethod] => credits
    [SelectedDate] => 2026-02-10 10:00:00
)

Session user_id: 20
User logged in: UserId=20, PostOwner=1
Payment: method=credits, isCreditPayment=yes, creditsCost=50, requiredCredits=50
Credit check: User balance=100, Required=50
No errors, proceeding with booking...
Requester: sandra
About to insert Exchange... PostId=1, Owner=1, Requester=20, Credits=50
Exchange created: ID=25
Payment method: credits
Notification title: Booking Request
Notification message: sandra has requested to book your "Private JavaScript Lessons" session for 50 credits (10:00 to 12:00 on Feb 10, 2026)
Recipient: 1, Sender: 20
Preparing notification insert...
Binding params: RecipientId=1, SenderId=20, Title=Booking Request, Message=sandra has requested to book y
✓ Notification created: ID=61
